
- NASM Map file ---------------------------------------------------------------

Source file:  ./src/mcon.asm
Output file:  ./bin/mcon.sys

-- Program origin -------------------------------------------------------------

00000000

-- Sections (summary) ---------------------------------------------------------

Vstart            Start             Stop              Length    Class     Name
               0                 0                 0  00000000  progbits  .text
               0                 0               4BF  000004BF  progbits  cseg

-- Sections (detailed) --------------------------------------------------------

---- Section .text ------------------------------------------------------------

class:     progbits
length:                   0
start:                    0
align:     not defined
follows:   not defined
vstart:                   0
valign:    not defined
vfollows:  not defined

---- Section cseg -------------------------------------------------------------

class:     progbits
length:                 4BF
start:                    0
align:     not defined
follows:   not defined
vstart:                   0
valign:    not defined
vfollows:  not defined

-- Symbols --------------------------------------------------------------------

---- No Section ---------------------------------------------------------------

Value     Name
00000000  drvHdr
00000000  drvHdr.nxtPtr
00000008  drvHdr.attrib
0000000A  drvHdr.strPtr
00000012  drvHdr.intPtr
0000001A  drvHdr.drvUnt
0000001A  drvHdr.drvNam
00000022  drvHdr_size
00000000  drvINIT
00000001  drvMEDCHK
00000002  drvBUILDBPB
00000003  drvIOCTLREAD
00000004  drvREAD
00000005  drvNONDESTREAD
00000006  drvINSTATUS
00000007  drvFLUSHINBUF
00000008  drvWRITE
00000009  drvWRITEVERIFY
0000000A  drvOUTSTATUS
0000000B  drvFLUSHOUTBUF
0000000C  drvIOCTLWRITE
0000000D  drvOPEN
0000000E  drvCLOSE
0000000F  drvREMMEDCHECK
00000010  drvOUTTILBUSY
00000013  drvIOCTL
00000014  drvStopCon
00000015  drvRestartCon
00000017  drvGETDRVMAP
00000018  drvSETDRVMAP
00000000  drvWPErr
00000001  drvBadUnit
00000002  drvNotReady
00000003  drvBadCmd
00000004  drvCRCErr
00000005  drvBadDrvReq
00000006  drvBadSeek
00000007  drvBadMed
00000008  drvSecNotFnd
00000009  drvNoPaper
0000000A  drvWriteFault
0000000B  drvReadFault
0000000C  drvGenFault
0000000F  drvBadDskChnge
00008000  drvErrStatus
00000100  drvDonStatus
00000200  drvBsyStatus
00000001  devDrvConIn
00000002  devDrvConOut
00000004  devDrvNulDev
00000008  devDrvClockDev
00000010  devDrvFastOut
00000020  devDrvMulti
00000040  devDrvIOCTL
00000800  devDrvHdlCTL
00004000  devDrvIOCTLRW
00008000  devDrvChar
00000000  drvReqHdr
00000000  drvReqHdr.hdrlen
00000001  drvReqHdr.unitnm
00000002  drvReqHdr.cmdcde
00000003  drvReqHdr.status
00000005  drvReqHdr.devptr
0000000D  drvReqHdr_size
00000000  initReqPkt
00000000  initReqPkt.hdrlen
00000001  initReqPkt.unitnm
00000002  initReqPkt.cmdcde
00000003  initReqPkt.status
00000005  initReqPkt.devptr
0000000D  initReqPkt.numunt
0000000E  initReqPkt.endptr
00000016  initReqPkt.optptr
0000001E  initReqPkt.drvnum
0000001F  initReqPkt_size
00000000  mediaCheckReqPkt
00000000  mediaCheckReqPkt.hdrlen
00000001  mediaCheckReqPkt.unitnm
00000002  mediaCheckReqPkt.cmdcde
00000003  mediaCheckReqPkt.status
00000005  mediaCheckReqPkt.devptr
0000000D  mediaCheckReqPkt.medesc
0000000E  mediaCheckReqPkt.medret
0000000F  mediaCheckReqPkt.desptr
00000017  mediaCheckReqPkt_size
00000000  bpbBuildReqPkt
00000000  bpbBuildReqPkt.hdrlen
00000001  bpbBuildReqPkt.unitnm
00000002  bpbBuildReqPkt.cmdcde
00000003  bpbBuildReqPkt.status
00000005  bpbBuildReqPkt.devptr
0000000D  bpbBuildReqPkt.medesc
0000000E  bpbBuildReqPkt.bufptr
00000016  bpbBuildReqPkt.bpbptr
0000001E  bpbBuildReqPkt_size
00000000  ioReqPkt
00000000  ioReqPkt.hdrlen
00000001  ioReqPkt.unitnm
00000002  ioReqPkt.cmdcde
00000003  ioReqPkt.status
00000005  ioReqPkt.devptr
0000000D  ioReqPkt.medesc
0000000E  ioReqPkt.bufptr
00000016  ioReqPkt.tfrlen
0000001A  ioReqPkt.strtsc
00000022  ioReqPkt.desptr
0000002A  ioReqPkt_size
00000000  ndInNoWaitPkt
00000000  ndInNoWaitPkt.hdrlen
00000001  ndInNoWaitPkt.unitnm
00000002  ndInNoWaitPkt.cmdcde
00000003  ndInNoWaitPkt.status
00000005  ndInNoWaitPkt.devptr
0000000D  ndInNoWaitPkt.retbyt
0000000E  ndInNoWaitPkt_size
00000000  statusReqPkt
00000000  statusReqPkt.hdrlen
00000001  statusReqPkt.unitnm
00000002  statusReqPkt.cmdcde
00000003  statusReqPkt.status
00000005  statusReqPkt.devptr
0000000D  statusReqPkt_size
00000000  flushReqPkt
00000000  flushReqPkt.hdrlen
00000001  flushReqPkt.unitnm
00000002  flushReqPkt.cmdcde
00000003  flushReqPkt.status
00000005  flushReqPkt.devptr
0000000D  flushReqPkt_size
00000000  openReqPkt
00000000  openReqPkt.hdrlen
00000001  openReqPkt.unitnm
00000002  openReqPkt.cmdcde
00000003  openReqPkt.status
00000005  openReqPkt.devptr
0000000D  openReqPkt_size
00000000  closeReqPkt
00000000  closeReqPkt.hdrlen
00000001  closeReqPkt.unitnm
00000002  closeReqPkt.cmdcde
00000003  closeReqPkt.status
00000005  closeReqPkt.devptr
0000000D  closeReqPkt_size
00000000  remMediaReqPkt
00000000  remMediaReqPkt.hdrlen
00000001  remMediaReqPkt.unitnm
00000002  remMediaReqPkt.cmdcde
00000003  remMediaReqPkt.status
00000005  remMediaReqPkt.devptr
0000000D  remMediaReqPkt_size
00000000  ioctlReqPkt
00000000  ioctlReqPkt.hdrlen
00000001  ioctlReqPkt.unitnm
00000002  ioctlReqPkt.cmdcde
00000003  ioctlReqPkt.status
00000005  ioctlReqPkt.devptr
0000000D  ioctlReqPkt.majfun
0000000E  ioctlReqPkt.minfun
0000000F  ioctlReqPkt.rsival
00000017  ioctlReqPkt.rdival
0000001F  ioctlReqPkt.ctlptr
00000027  ioctlReqPkt_size
00000000  getDevReqPkt
00000000  getDevReqPkt.hdrlen
00000001  getDevReqPkt.unitnm
00000002  getDevReqPkt.cmdcde
00000003  getDevReqPkt.status
00000005  getDevReqPkt.devptr
0000000D  getDevReqPkt_size
00000000  setDevReqPkt
00000000  setDevReqPkt.hdrlen
00000001  setDevReqPkt.unitnm
00000002  setDevReqPkt.cmdcde
00000003  setDevReqPkt.status
00000005  setDevReqPkt.devptr
0000000D  setDevReqPkt_size
00000000  genioctlGetParamsTable
00000000  genioctlGetParamsTable.size
00000001  genioctlGetParamsTable.res
00000008  genioctlGetParamsTable.sectorSize
00000010  genioctlGetParamsTable.numSectors
00000018  genioctlGetParamsTable_size
00000000  genioctlLBAformat
00000000  genioctlLBAformat.size
00000001  genioctlLBAformat.numSectors
00000002  genioctlLBAformat.res
00000008  genioctlLBAformat.startSector
00000010  genioctlLBAformat_size
00000000  genioctlLBAwrite
00000000  genioctlLBAwrite.size
00000001  genioctlLBAwrite.numSectors
00000002  genioctlLBAwrite.res
00000008  genioctlLBAwrite.startSector
00000010  genioctlLBAwrite.xferBuffer
00000018  genioctlLBAwrite_size
00000000  mScrCap
00000000  mScrCap.wVer
00000002  mScrCap.wLen
00000004  mScrCap.bScrNum
00000005  mScrCap.pDevHlp
0000000D  mScrCap_size
00000007  maxScr
00000005  DevHlp_ConsInputFilter
00000007  DevHlp_Signal_SM
00000009  DevHlp_ProcBlock
0000000A  DevHlp_ProcRun
00000010  DevHlp_GetDOSVar
00000000  majVers
00000002  minVers
00000014  funcTblE


---- Section cseg -------------------------------------------------------------

Real              Virtual           Name
               0                 0  conHdr
              22                22  funcTbl
              4A                4A  bConBuf
              4B                4B  bKeybWait
              4C                4C  pOldKbdIntr
              54                54  pOldKbdHdlr
              5C                5C  pDevHlp
              64                64  pScrIoOk
              6C                6C  myIdt
              6C                6C  myIdt.limit
              6E                6E  myIdt.base
              76                76  strategy
              A5                A5  exit
              AC                AC  exit.err
              B5                B5  noOp
              B6                B6  unkExit
              B8                B8  errorExit
              C3                C3  read
              D1                D1  read.cre1
              EC                EC  read.cre11
              F7                F7  read.cre12
              FB                FB  read.cre2
             100               100  read.cre3
             10F               10F  ndRead
             12E               12E  ndRead.cnr0
             133               133  ndRead.cnr1
             13B               13B  ndRead.cnr2
             143               143  inStatus
             150               150  flushInBuf
             163               163  flushInBuf.cfib0
             16A               16A  ..@80.a
             170               170  write
             182               182  write.cw1
             18F               18F  write.cw2
             194               194  genIOCTL
             1C0               1C0  genIOCTL.exitBad
             1C9               1C9  genIOCTL.iosc_deinst
             1FC               1FC  genIOCTL.iosc_ls
             1FC               1FC  genIOCTL.iosc_ss
             1FC               1FC  genIOCTL.iosc_rs
             1FC               1FC  genIOCTL.iosc_ei
             1FC               1FC  genIOCTL.iosc_is
             1FD               1FD  genIOCTL.iosc_init
             280               280  mConHlp
             296               296  getScreen
             2A3               2A3  swapScreen
             2B5               2B5  swapScreen.err
             2B7               2B7  resetScreen
             2DB               2DB  fastOutput
             2E3               2E3  ctrlBreak
             2EC               2EC  keybIntr
             343               343  keybIntr.keepChar
             366               366  keybIntr.exit
             36A               36A  keybHdlr
             379               379  keybHdlr.readChar
             37D               37D  keybHdlr.readChLp
             398               398  keybHdlr.okToRead
             3CE               3CE  keybHdlr.doCharRead
             3D2               3D2  keybHdlr.goKbd
             3D8               3D8  keybHdlr.lookahead
             3ED               3ED  installInterrupt
             417               417  getIntHdlr
             421               421  init
             443               443  init.ci0
             44F               44F  init.ci1
             485               485  skipMsg
             491               491  helloStr

