     1                                  [map all ./lst/mcon.map]
     2                                  DEFAULT REL
     3                                  BITS 64
     4                                  
     5                                  %include "./src/drvStruc.inc"
     1                              <1> 
     2                              <1> ;-------------------------------------------------------;
     3                              <1> ; This include file contains miscellaneous SCP/DOS      ;
     4                              <1> ; device driver related structures.                     ;
     5                              <1> ;-------------------------------------------------------;
     6                              <1> 
     7                              <1> struc drvHdr  ;Device Driver Header for character and block devices
     8                              <1> 
     9 00000000 ????????????????    <1>     .nxtPtr dq ?  ;Pointer to the next driver header, -1 if at the end
    10 00000008 ????                <1>     .attrib dw ?  ;Attribute Word
    11 0000000A ????????????????    <1>     .strPtr dq ?  ;Strategy Entry Pointer
    12 00000012 ????????????????    <1>     .intPtr dq ?  ;Interrupt Entry Pointer
    13                              <1>     .drvUnt:        ;Number of units pointer
    14 0000001A ????????????????    <1>     .drvNam db 8 dup (?)  ;Driver name (Char) or Number of units byte (Block)
    15                              <1> 
    16                              <1> endstruc
    17                              <1> 
    18                              <1> ;Command Code equates
    19                              <1>     drvINIT         equ 0
    20                              <1>     drvMEDCHK       equ 1
    21                              <1>     drvBUILDBPB     equ 2
    22                              <1>     drvIOCTLREAD    equ 3
    23                              <1>     drvREAD         equ 4
    24                              <1>     drvNONDESTREAD  equ 5
    25                              <1>     drvINSTATUS     equ 6
    26                              <1>     drvFLUSHINBUF   equ 7
    27                              <1>     drvWRITE        equ 8
    28                              <1>     drvWRITEVERIFY  equ 9
    29                              <1>     drvOUTSTATUS    equ 10
    30                              <1>     drvFLUSHOUTBUF  equ 11
    31                              <1>     drvIOCTLWRITE   equ 12
    32                              <1>     drvOPEN         equ 13
    33                              <1>     drvCLOSE        equ 14
    34                              <1>     drvREMMEDCHECK  equ 15
    35                              <1>     drvOUTTILBUSY   equ 16  ;Not implemented
    36                              <1>     drvIOCTL        equ 19
    37                              <1>     drvStopCon      equ 20  ; NEW MULTITASKING 
    38                              <1>     drvRestartCon   equ 21  ; NEW MULTITASKING
    39                              <1>     drvGETDRVMAP    equ 23
    40                              <1>     drvSETDRVMAP    equ 24
    41                              <1>     
    42                              <1> ;Driver Error equates 
    43                              <1>     drvWPErr        equ 0   ;Write Protect Violation
    44                              <1>     drvBadUnit      equ 1   ;Unknown unit
    45                              <1>     drvNotReady     equ 2   ;Device not ready
    46                              <1>     drvBadCmd       equ 3   ;Unknown command
    47                              <1>     drvCRCErr       equ 4   ;CRC Error
    48                              <1>     drvBadDrvReq    equ 5   ;Bad drive request structure length
    49                              <1>     drvBadSeek      equ 6   ;Seek error
    50                              <1>     drvBadMed       equ 7   ;Unknown media
    51                              <1>     drvSecNotFnd    equ 8   ;Sector not found
    52                              <1>     drvNoPaper      equ 9   ;Printer out of paper
    53                              <1>     drvWriteFault   equ 10  ;Write Fault
    54                              <1>     drvReadFault    equ 11  ;Read Fault
    55                              <1>     drvGenFault     equ 12  ;General Fault
    56                              <1>     drvBadDskChnge  equ 15  ;Invalid disk change
    57                              <1> 
    58                              <1> ;Driver status word status bit meanings
    59                              <1>     drvErrStatus    equ 8000h  
    60                              <1>     drvDonStatus    equ 0100h
    61                              <1>     drvBsyStatus    equ 0200h
    62                              <1> 
    63                              <1> ;Driver Attribute Word bit meanings
    64                              <1>     devDrvConIn    equ 1h  ;If set, device is CON input
    65                              <1>     devDrvConOut   equ 2h  ;If set, device is CON output
    66                              <1>     devDrvNulDev   equ 4h  ;If set, device is NULL device
    67                              <1>     devDrvClockDev equ 8h  ;If set, device is CLOCK device
    68                              <1>     devDrvFastOut  equ 10h ;If set, device supports Int 29h
    69                              <1>     devDrvMulti    equ 20h ;Reserved, If set, device is multitasking. 
    70                              <1>     devDrvIOCTL    equ 40h ;If set, IOCTL and GET/SET suported
    71                              <1>     devDrvHdlCTL   equ 800h ;If set, Open, Close and Rem media supported
    72                              <1>     devDrvIOCTLRW  equ 4000h ;If set, IOCTL Read/Write supported
    73                              <1>     devDrvChar     equ 8000h ;If set, Char device
    74                              <1> ;Bit 0 1=console input
    75                              <1> ;    1 1=console output (character devices)
    76                              <1> ;    2 1=NUL device
    77                              <1> ;    3 1=CLOCK device
    78                              <1> ;    4 1=Int 29 output (CON)
    79                              <1> ;    5 1=Multitasking driver. Bit ignored by DOS. Used by multitaskers.
    80                              <1> ; If bit set, no crit2 lock placed on thread when making drv request.
    81                              <1> ;    6 1=extended functions supported (13,17,18) (3.2+)
    82                              <1> ;    7 1=Generic IOCTL function supported (19)
    83                              <1> ;   11 1=open/close/removable media supported (3.0+)
    84                              <1> ;   13 1=output until busy supported (character devices) (3.0+)
    85                              <1> ;      1=media descriptor in FAT required (block devices)
    86                              <1> ;   14 1=IOCTL R/W supported
    87                              <1> ;   15 0=block device
    88                              <1> ;      1=character device
    89                              <1> 
    90                              <1> ;Driver structures
    91                              <1> 
    92                              <1> %macro drvReqHdrM 0 ;Driver Request Header Macro
    93                              <1> 
    94                              <1>     .hdrlen db ?  ;Length of the request header
    95                              <1>     .unitnm db ?  ;Unit number, meaningless for character devs
    96                              <1>     .cmdcde db ?  ;Command code
    97                              <1>     .status dw ?  ;Status word
    98                              <1>     .devptr dq ?  ;Device queue pointer field, reserved for future use
    99                              <1> 
   100                              <1> %endmacro
   101                              <1> 
   102                              <1> struc drvReqHdr
   103                              <1>     drvReqHdrM
    93                              <2> 
    94 00000000 ??                  <2>  .hdrlen db ?
    95 00000001 ??                  <2>  .unitnm db ?
    96 00000002 ??                  <2>  .cmdcde db ?
    97 00000003 ????                <2>  .status dw ?
    98 00000005 ????????????????    <2>  .devptr dq ?
    99                              <2> 
   104                              <1> endstruc
   105                              <1> 
   106                              <1> struc initReqPkt  ;Init Request Packet
   107                              <1> 
   108                              <1>     drvReqHdrM   ;Common Driver Header Macro
    93                              <2> 
    94 00000000 ??                  <2>  .hdrlen db ?
    95 00000001 ??                  <2>  .unitnm db ?
    96 00000002 ??                  <2>  .cmdcde db ?
    97 00000003 ????                <2>  .status dw ?
    98 00000005 ????????????????    <2>  .devptr dq ?
    99                              <2> 
   109 0000000D ??                  <1>     .numunt db ?  ;Number of logical units (Block only, 0 for char)
   110 0000000E ????????????????    <1>     .endptr dq ?  ;Pointer to first free byte after driver
   111 00000016 ????????????????    <1>     .optptr dq ?  ;Ptr to BPB array (blkdev) or cmdline args
   112 0000001E ??                  <1>     .drvnum db ?  ;First Drive number
   113                              <1> 
   114                              <1> endstruc
   115                              <1> 
   116                              <1> struc mediaCheckReqPkt ;Media Check Request Packet
   117                              <1> 
   118                              <1>     drvReqHdrM    ;Common Driver Header Macro
    93                              <2> 
    94 00000000 ??                  <2>  .hdrlen db ?
    95 00000001 ??                  <2>  .unitnm db ?
    96 00000002 ??                  <2>  .cmdcde db ?
    97 00000003 ????                <2>  .status dw ?
    98 00000005 ????????????????    <2>  .devptr dq ?
    99                              <2> 
   119 0000000D ??                  <1>     .medesc db ?  ;DOS media descriptor
   120 0000000E ??                  <1>     .medret db ?  ;Return byte (Has media been changed?)
   121 0000000F ????????????????    <1>     .desptr dq ?  ;Pointer to a valid volume id field
   122                              <1> 
   123                              <1> endstruc
   124                              <1> 
   125                              <1> struc bpbBuildReqPkt  ;Build BPB Request Packet
   126                              <1> 
   127                              <1>     drvReqHdrM    ;Common Driver Header Macro
    93                              <2> 
    94 00000000 ??                  <2>  .hdrlen db ?
    95 00000001 ??                  <2>  .unitnm db ?
    96 00000002 ??                  <2>  .cmdcde db ?
    97 00000003 ????                <2>  .status dw ?
    98 00000005 ????????????????    <2>  .devptr dq ?
    99                              <2> 
   128 0000000D ??                  <1>     .medesc db ?  ;DOS media descriptor
   129 0000000E ????????????????    <1>     .bufptr dq ?  ;Transfer buffer
   130 00000016 ????????????????    <1>     .bpbptr dq ?  ;Pointer to the BPB
   131                              <1> 
   132                              <1> endstruc
   133                              <1> 
   134                              <1> struc ioReqPkt   ;IO Request Packet
   135                              <1> 
   136                              <1>     drvReqHdrM    ;Common Driver Header Macro
    93                              <2> 
    94 00000000 ??                  <2>  .hdrlen db ?
    95 00000001 ??                  <2>  .unitnm db ?
    96 00000002 ??                  <2>  .cmdcde db ?
    97 00000003 ????                <2>  .status dw ?
    98 00000005 ????????????????    <2>  .devptr dq ?
    99                              <2> 
   137 0000000D ??                  <1>     .medesc db ?  ;DOS media descriptor
   138 0000000E ????????????????    <1>     .bufptr dq ?  ;Transfer buffer
   139 00000016 ????????            <1>     .tfrlen dd ?  ;Number of Sectors/bytes to transfer
   140 0000001A ????????????????    <1>     .strtsc dq ?  ;Starting sector for transfer
   141 00000022 ????????????????    <1>     .desptr dq ?  ;Pointer to a valid volume id field if error
   142                              <1> 
   143                              <1> endstruc
   144                              <1> 
   145                              <1> struc ndInNoWaitPkt    ;Nondestructive Input No Wait Request Packet
   146                              <1>     
   147                              <1>     drvReqHdrM    ;Common Driver Header Macro
    93                              <2> 
    94 00000000 ??                  <2>  .hdrlen db ?
    95 00000001 ??                  <2>  .unitnm db ?
    96 00000002 ??                  <2>  .cmdcde db ?
    97 00000003 ????                <2>  .status dw ?
    98 00000005 ????????????????    <2>  .devptr dq ?
    99                              <2> 
   148 0000000D ??                  <1>     .retbyt db ?  ;Byte read non destructively
   149                              <1> 
   150                              <1> endstruc
   151                              <1> 
   152                              <1> struc statusReqPkt   ;Status Request Packet
   153                              <1> 
   154                              <1>     drvReqHdrM    ;Common Driver Header Macro
    93                              <2> 
    94 00000000 ??                  <2>  .hdrlen db ?
    95 00000001 ??                  <2>  .unitnm db ?
    96 00000002 ??                  <2>  .cmdcde db ?
    97 00000003 ????                <2>  .status dw ?
    98 00000005 ????????????????    <2>  .devptr dq ?
    99                              <2> 
   155                              <1> 
   156                              <1> endstruc
   157                              <1> 
   158                              <1> struc flushReqPkt ;Flush Request Packet, terminate all pending requests
   159                              <1> 
   160                              <1>     drvReqHdrM    ;Common Driver Header Macro
    93                              <2> 
    94 00000000 ??                  <2>  .hdrlen db ?
    95 00000001 ??                  <2>  .unitnm db ?
    96 00000002 ??                  <2>  .cmdcde db ?
    97 00000003 ????                <2>  .status dw ?
    98 00000005 ????????????????    <2>  .devptr dq ?
    99                              <2> 
   161                              <1>      
   162                              <1> endstruc
   163                              <1> 
   164                              <1> struc openReqPkt ;Open Device Request Packet
   165                              <1> 
   166                              <1>     drvReqHdrM    ;Common Driver Header Macro
    93                              <2> 
    94 00000000 ??                  <2>  .hdrlen db ?
    95 00000001 ??                  <2>  .unitnm db ?
    96 00000002 ??                  <2>  .cmdcde db ?
    97 00000003 ????                <2>  .status dw ?
    98 00000005 ????????????????    <2>  .devptr dq ?
    99                              <2> 
   167                              <1>      
   168                              <1> endstruc
   169                              <1> 
   170                              <1> struc closeReqPkt ;Close Device Request Packet
   171                              <1> 
   172                              <1>     drvReqHdrM    ;Common Driver Header Macro
    93                              <2> 
    94 00000000 ??                  <2>  .hdrlen db ?
    95 00000001 ??                  <2>  .unitnm db ?
    96 00000002 ??                  <2>  .cmdcde db ?
    97 00000003 ????                <2>  .status dw ?
    98 00000005 ????????????????    <2>  .devptr dq ?
    99                              <2> 
   173                              <1>      
   174                              <1> endstruc
   175                              <1> 
   176                              <1> struc remMediaReqPkt ;Removeable Media Request Packet
   177                              <1> 
   178                              <1>     drvReqHdrM    ;Common Driver Header Macro
    93                              <2> 
    94 00000000 ??                  <2>  .hdrlen db ?
    95 00000001 ??                  <2>  .unitnm db ?
    96 00000002 ??                  <2>  .cmdcde db ?
    97 00000003 ????                <2>  .status dw ?
    98 00000005 ????????????????    <2>  .devptr dq ?
    99                              <2> 
   179                              <1>      
   180                              <1> endstruc
   181                              <1> 
   182                              <1> struc ioctlReqPkt    ;Generic IOCTL Request Packet
   183                              <1> 
   184                              <1>     drvReqHdrM    ;Common Driver Header Macro  
    93                              <2> 
    94 00000000 ??                  <2>  .hdrlen db ?
    95 00000001 ??                  <2>  .unitnm db ?
    96 00000002 ??                  <2>  .cmdcde db ?
    97 00000003 ????                <2>  .status dw ?
    98 00000005 ????????????????    <2>  .devptr dq ?
    99                              <2> 
   185 0000000D ??                  <1>     .majfun db ?  ;Major function number
   186 0000000E ??                  <1>     .minfun db ?  ;Minor function number
   187 0000000F ????????????????    <1>     .rsival dq ?  ;Contents of RSI
   188 00000017 ????????????????    <1>     .rdival dq ?  ;Contents of RDI
   189 0000001F ????????????????    <1>     .ctlptr dq ?  ;Pointer to Generic IOCTL Request Packet
   190                              <1> 
   191                              <1> endstruc
   192                              <1> 
   193                              <1> struc getDevReqPkt ;Get Logical Device Request Packet
   194                              <1>     
   195                              <1>     drvReqHdrM    ;Common Driver Header Macro
    93                              <2> 
    94 00000000 ??                  <2>  .hdrlen db ?
    95 00000001 ??                  <2>  .unitnm db ?
    96 00000002 ??                  <2>  .cmdcde db ?
    97 00000003 ????                <2>  .status dw ?
    98 00000005 ????????????????    <2>  .devptr dq ?
    99                              <2> 
   196                              <1> 
   197                              <1> endstruc
   198                              <1> 
   199                              <1> struc setDevReqPkt ;Set Logical Device Request Packet
   200                              <1>     
   201                              <1>     drvReqHdrM    ;Common Driver Header Macro
    93                              <2> 
    94 00000000 ??                  <2>  .hdrlen db ?
    95 00000001 ??                  <2>  .unitnm db ?
    96 00000002 ??                  <2>  .cmdcde db ?
    97 00000003 ????                <2>  .status dw ?
    98 00000005 ????????????????    <2>  .devptr dq ?
    99                              <2> 
   202                              <1> 
   203                              <1> endstruc
   204                              <1> 
   205                              <1> 
   206                              <1> struc genioctlGetParamsTable
   207 00000000 ??                  <1>     .size           db ?
   208 00000001 ??????????????      <1>     .res            db 7 dup (?)
   209 00000008 ????????????????    <1>     .sectorSize     db 8 dup (?)  ;Only the lower dword is valid here
   210 00000010 ????????????????    <1>     .numSectors     db 8 dup (?)
   211                              <1> endstruc
   212                              <1> 
   213                              <1> ;THE WRITE STRUCT MUST BE A STRICT SUPERSET OF THE FORMAT STRUCT ALWAYS
   214                              <1> struc genioctlLBAformat
   215 00000000 ??                  <1>     .size           db ?
   216 00000001 ??                  <1>     .numSectors     db ?  ;Number of sectors to format
   217 00000002 ????????????        <1>     .res            db 6 dup (?)
   218 00000008 ????????????????    <1>     .startSector    db 8 dup (?)  ;Sector to start format at
   219                              <1> endstruc
   220                              <1> 
   221                              <1> struc genioctlLBAwrite
   222 00000000 ??                  <1>     .size           db ?
   223 00000001 ??                  <1>     .numSectors     db ?  ;Number of sectors to write
   224 00000002 ????????????        <1>     .res            db 6 dup (?)
   225 00000008 ????????????????    <1>     .startSector    db 8 dup (?)  ;Sector to start write at
   226 00000010 ????????????????    <1>     .xferBuffer     db 8 dup (?)  ;Transfer buffer for data
   227                              <1> endstruc
     6                                  %include "./src/mcon.inc"
     1                              <1> ;MCON screen capabilities
     2                              <1> 
     3                              <1> struc mScrCap
     4 00000000 ????                <1>     .wVer       dw ?    ;Upper byte, Major num (1). Lower byte, minor num (0)
     5 00000002 ????                <1>     .wLen       dw ?    ;Length of structure (15 bytes)
     6 00000004 ????                <1>     .wMagic     dw ?    ;Magic key combo (scancode/ASCII)
     7 00000006 ??                  <1>     .bScrNum    db ?    ;Number of screens supported by driver
     8 00000007 ????????????????    <1>     .pDevHlp    dq ?    ;Pointer to the mCon help routine
     9                              <1> endstruc
    10                              <1> 
    11                              <1> maxScr  equ 07h ;Screens 0 - 7 (so 8 screens)
     7                                  %include "./src/dosMacro.mac"
     1                              <1> 
     2                              <1> ;-------------------------------------------------------------------------------
     3                              <1> ;Generic Macros file
     4                              <1> ;The following instruction extensions allow to conditionally return
     5                              <1> ;The idea was borrowed from the DOS Source Code
     6                              <1> ;
     7                              <1> ;-------------------------------------------------------------------------------
     8                              <1> 
     9                              <1> ;-------------------------------------------------------------------------------
    10                              <1> ;These macros are live and must not be touched
    11                              <1> ;-------------------------------------------------------------------------------
    12                              <1> %macro return 0
    13                              <1>     ret
    14                              <1> %endmacro
    15                              <1> 
    16                              <1> %macro cret 1
    17                              <1>     j%-1 short %%a
    18                              <1>     return
    19                              <1> %%a:
    20                              <1> %endmacro
    21                              <1> 
    22                              <1> %macro retz 0
    23                              <1> cret z
    24                              <1> %endmacro
    25                              <1> 
    26                              <1> %macro retnz 0
    27                              <1> cret nz
    28                              <1> %endmacro
    29                              <1> 
    30                              <1> %macro rete 0
    31                              <1> cret e
    32                              <1> %endmacro
    33                              <1> 
    34                              <1> %macro retne 0
    35                              <1> cret ne
    36                              <1> %endmacro
    37                              <1> 
    38                              <1> %macro retc 0
    39                              <1> cret c
    40                              <1> %endmacro
    41                              <1> 
    42                              <1> %macro retnc 0
    43                              <1> cret nc
    44                              <1> %endmacro
    45                              <1> 
    46                              <1> %macro retb 0
    47                              <1> cret b
    48                              <1> %endmacro
    49                              <1> 
    50                              <1> %macro retnb 0
    51                              <1> cret nb
    52                              <1> %endmacro
    53                              <1> 
    54                              <1> %macro reta 0
    55                              <1> cret a
    56                              <1> %endmacro
    57                              <1> 
    58                              <1> %macro retna 0
    59                              <1> cret na
    60                              <1> %endmacro
    61                              <1> 
    62                              <1> %macro breakpoint 0
    63                              <1> xchg bx, bx
    64                              <1> %endmacro
     8                                  
     9                                  Segment cseg start=0 vstart=0
    10                                  %include "./src/mcdata.asm" ;Cannot put this in a separate segment due to reloc issues
     1                              <1> 
     2                              <1> ;Driver version number
     3                              <1> majVers equ 0
     4                              <1> minVers equ 2
     5                              <1> 
     6                              <1> conHdr:
     7 00000000 FFFFFFFFFFFFFFFF    <1>     dq -1
     8 00000008 7380                <1>     dw devDrvChar | devDrvIOCTL | devDrvMulti | devDrvFastOut | devDrvConOut | devDrvConIn
     9 0000000A [6F00000000000000]  <1>     dq strategy
    10 00000012 [AE00000000000000]  <1>     dq noOp    ;We don't use the interrupt endpoint.
    11 0000001A 434F4E2020202020    <1>     db "CON     "
    12                              <1> 
    13                              <1> funcTbl:
    14 00000022 4803                <1>     dw init - funcTbl       ;Init function
    15 00000024 8C00                <1>     dw noOp - funcTbl       ;Media Check
    16 00000026 8C00                <1>     dw noOp - funcTbl       ;Build BPB
    17 00000028 8D00                <1>     dw unkExit - funcTbl    ;IOCTL Input
    18 0000002A 9A00                <1>     dw read - funcTbl       ;Read
    19 0000002C E600                <1>     dw ndRead - funcTbl     ;Non-destructive read
    20 0000002E 1A01                <1>     dw inStatus - funcTbl   ;Input Status
    21 00000030 2701                <1>     dw flushInBuf - funcTbl ;Input flush
    22 00000032 4701                <1>     dw write - funcTbl      ;Write
    23 00000034 4701                <1>     dw write - funcTbl      ;Write with verify
    24 00000036 8C00                <1>     dw noOp - funcTbl       ;Output Status
    25 00000038 8C00                <1>     dw noOp - funcTbl       ;Output Flush
    26 0000003A 8C00                <1>     dw noOp - funcTbl       ;IOCTL Output
    27 0000003C 8C00                <1>     dw noOp - funcTbl       ;Device Open
    28 0000003E 8C00                <1>     dw noOp - funcTbl       ;Device Close
    29 00000040 8C00                <1>     dw noOp - funcTbl       ;Removable Media
    30 00000042 8D00                <1>     dw unkExit - funcTbl    ;Reserved function
    31 00000044 8D00                <1>     dw unkExit - funcTbl    ;Reserved function
    32 00000046 8D00                <1>     dw unkExit - funcTbl    ;Reserved function
    33                              <1> ; New functions
    34 00000048 6B01                <1>     dw genIOCTL - funcTbl   ;Generic IOCTL
    35                              <1> 
    36                              <1> funcTblE equ ($ - funcTbl)/2    ;Compute number of entries
    37                              <1> 
    38 0000004A 00                  <1> bConBuf     db 0    ;Single byte input buffer
    39 0000004B FF                  <1> bSTMode     db -1   ;This value stays -1 whilst we are in singletasking mode
    40 0000004C FFFF                <1> wMagicKey   dw -1   ;Scancode/ASCII pair to search for. -1 means no search.
    41 0000004E 00                  <1> bKeybWait   db 0    ;Set if we are waiting on Int 36h for a keystroke
    42                              <1> 
    43 0000004F 0000000000000000    <1> pOldKbdIntr dq 0    ;Ptr to the Keyboard interrupt 
    44 00000057 0000000000000000    <1> pOldKbdHdlr dq 0    ;Ptr to the Keyboard service routine
    45 0000005F [AE00000000000000]  <1> pDevHlp     dq noOp ;Ptr to the DOS session help interface. Default to NOP
    46 00000067 FFFFFFFFFFFFFFFF    <1> pScrIoOk    dq -1   ;Ptr to the DOS variable that is set if screen IO is ok
    11                                  %include "./src/mccode.asm"
     1                              <1> ;This driver is designed to work in the MDOS environment. 
     2                              <1> 
     3                              <1> strategy:
     4                              <1> ;DOS calls this function with rbx=Ptr to request header.
     5                              <1> ;Rather than saving the 
     6 0000006F 50                  <1>     push rax
     7 00000070 53                  <1>     push rbx
     8 00000071 51                  <1>     push rcx
     9 00000072 52                  <1>     push rdx
    10 00000073 56                  <1>     push rsi
    11 00000074 57                  <1>     push rdi
    12 00000075 55                  <1>     push rbp
    13 00000076 4150                <1>     push r8 ;Use r8 as the static pointer to the request packet!
    14 00000078 4989D8              <1>     mov r8, rbx 
    15 0000007B 6641C740030000      <1>     mov word [r8 + drvReqHdr.status], 0    ;Ensure status clear (should be!)
    16 00000082 410FB64002          <1>     movzx eax, byte [r8 + drvReqHdr.cmdcde]
    17 00000087 3D14000000          <1>     cmp eax, funcTblE   
    18 0000008C 7321                <1>     jae short unkExit       ;If cmdcde is past the end of the table, error!
    19 0000008E 488D1D8DFFFFFF      <1>     lea rbx, funcTbl        ;Else get pointer to function
    20 00000095 0FB71443            <1>     movzx edx, word [rbx + 2*rax]   
    21 00000099 4801D3              <1>     add rbx, rdx
    22 0000009C FFD3                <1>     call rbx        
    23                              <1> exit:
    24 0000009E 66418148030001      <1>     or word [r8 + drvReqHdr.status], drvDonStatus    ;Set done bit!
    25                              <1> .err:
    26 000000A5 4158                <1>     pop r8
    27 000000A7 5D                  <1>     pop rbp
    28 000000A8 5F                  <1>     pop rdi
    29 000000A9 5E                  <1>     pop rsi
    30 000000AA 5A                  <1>     pop rdx
    31 000000AB 59                  <1>     pop rcx
    32 000000AC 5B                  <1>     pop rbx
    33 000000AD 58                  <1>     pop rax
    34                              <1> noOp:
    35                              <1>     return
    13 000000AE C3                  <2>  ret
    36                              <1> 
    37                              <1> unkExit:
    38 000000AF B003                <1>     mov al, drvBadCmd
    39                              <1> errorExit:
    40                              <1> ;Jump to with al=Standard Error code
    41 000000B1 66B80080            <1>     mov ax, drvErrStatus    ;Set error bit, and NOT done bit!
    42 000000B5 6641894003          <1>     mov word [r8 + drvReqHdr.status], ax
    43 000000BA EBE9                <1>     jmp short exit.err
    44                              <1> 
    45                              <1> read:    ;Read Chars
    46 000000BC B005                <1>     mov al, 05h ;Bad request structure length?
    47 000000BE 4180382A            <1>     cmp byte [r8 + drvReqHdr.hdrlen], ioReqPkt_size
    48 000000C2 75ED                <1>     jne errorExit
    49                              <1> 
    50 000000C4 498B780E            <1>     mov rdi, qword [r8 + ioReqPkt.bufptr]  ;Point rdi to caller buffer
    51 000000C8 31C9                <1>     xor ecx, ecx    ;Zero the char counter
    52                              <1> .cre1:
    53 000000CA 413B4816            <1>     cmp ecx, dword [r8 + ioReqPkt.tfrlen]
    54 000000CE 7424                <1>     je .cre2
    55 000000D0 803D73FFFFFF00      <1>     cmp byte [bConBuf], 0   ;Does the buffer contain a zero?
    56 000000D7 7520                <1>     jnz .cre3   ;No, get the buffer value
    57 000000D9 31C0                <1>     xor eax, eax
    58 000000DB CD36                <1>     int 36h
    59 000000DD 663D0072            <1>     cmp ax, 7200h   ;CTRL + PrnScr? 
    60 000000E1 7502                <1>     jne .cre11
    61 000000E3 B010                <1>     mov al, 10h     ;Store ^P in al!
    62                              <1> .cre11:
    63 000000E5 AA                  <1>     stosb
    64 000000E6 84C0                <1>     test al, al ;Was the ascii code stored 0?
    65 000000E8 7506                <1>     jnz .cre12  ;No, skip storing scancode in buffer
    66 000000EA 88255AFFFFFF        <1>     mov byte [bConBuf], ah  ;Save scancode
    67                              <1> .cre12:
    68 000000F0 FFC1                <1>     inc ecx ;Inc chars stored in buffer
    69 000000F2 EBD6                <1>     jmp short .cre1
    70                              <1> .cre2:
    71 000000F4 41894816            <1>     mov dword [r8 + ioReqPkt.tfrlen], ecx  ;Move num of transferred chars
    72                              <1>     return
    13 000000F8 C3                  <2>  ret
    73                              <1> .cre3:
    74 000000F9 8A054BFFFFFF        <1>     mov al, byte [bConBuf]  ;Get the buffer value
    75 000000FF C60544FFFFFF00      <1>     mov byte [bConBuf], 0   ;Reset the buffer value
    76 00000106 EBDD                <1>     jmp short .cre11
    77                              <1> 
    78                              <1> ndRead:  ;Non destructive read chars
    79 00000108 B005                <1>     mov al, 05h ;Bad request structure length?
    80 0000010A 4180380E            <1>     cmp byte [r8 + drvReqHdr.hdrlen], ndInNoWaitPkt_size
    81 0000010E 75A1                <1>     jne errorExit
    82 00000110 803D33FFFFFF00      <1>     cmp byte [bConBuf], 0
    83 00000117 751B                <1>     jnz .cnr2
    84 00000119 B401                <1>     mov ah, 01h     ;Get key if exists
    85 0000011B CD36                <1>     int 36h
    86 0000011D 740D                <1>     jz .cnr1        ;If zero clear => no key, go forwards
    87                              <1>     ;Keystroke available
    88 0000011F 663D0072            <1>     cmp ax, 7200h   ;CTRL + PrnScr?
    89 00000123 7502                <1>     jne .cnr0
    90 00000125 B010                <1>     mov al, 10h     ;Report ^P
    91                              <1> .cnr0:
    92 00000127 4188400D            <1>     mov byte [r8 + ndInNoWaitPkt.retbyt], al   ;Move char in al
    93                              <1>     return
    13 0000012B C3                  <2>  ret
    94                              <1> .cnr1: ;No keystroke available
    95 0000012C 6641C740030002      <1>     mov word [r8 + ndInNoWaitPkt.status], drvBsyStatus   ;Set busy bit
    96                              <1>     return
    13 00000133 C3                  <2>  ret
    97                              <1> .cnr2:
    98 00000134 8A0510FFFFFF        <1>     mov al, byte [bConBuf]  ;Copy scancode but dont reset it
    99 0000013A EBEB                <1>     jmp short .cnr0   ;Keystroke is available clearly
   100                              <1> 
   101                              <1> inStatus:         ;Get Input Status
   102 0000013C B005                <1>     mov al, 05h ;Bad request structure length?
   103 0000013E 4180380D            <1>     cmp byte [r8 + drvReqHdr.hdrlen], statusReqPkt_size
   104 00000142 0F8569FFFFFF        <1>     jne errorExit
   105                              <1>     return ;Exit, device ready
    13 00000148 C3                  <2>  ret
   106                              <1> 
   107                              <1> flushInBuf:   ;Flush Input Buffers
   108 00000149 B005                <1>     mov al, 05h ;Bad request structure length?
   109 0000014B 4180380D            <1>     cmp byte [r8 + drvReqHdr.hdrlen], statusReqPkt_size
   110 0000014F 0F855CFFFFFF        <1>     jne errorExit
   111 00000155 C605EEFEFFFF00      <1>     mov byte [bConBuf], 0   ;Clear buffer
   112                              <1> .cfib0:
   113 0000015C B401                <1>     mov ah, 01      ;Get buffer status
   114 0000015E CD36                <1>     int 36h
   115                              <1>     retz            ;If zero clear => no more keys to read
    23                              <2> cret z
    17 00000160 7501                <3>  j%-1 short %%a
    18                              <3>  return
    13 00000162 C3                  <4>  ret
    19                              <3> %%a:
   116 00000163 30E4                <1>     xor ah, ah
   117 00000165 CD36                <1>     int 36h ;Read key to flush from buffer
   118 00000167 EBF3                <1>     jmp short .cfib0
   119                              <1> 
   120                              <1> write:   ;Write Chars
   121 00000169 B005                <1>     mov al, 05h ;Bad request structure length?
   122 0000016B 4180382A            <1>     cmp byte [r8 + drvReqHdr.hdrlen], ioReqPkt_size
   123 0000016F 0F853CFFFFFF        <1>     jne errorExit
   124                              <1> 
   125 00000175 498B700E            <1>     mov rsi, qword [r8 + ioReqPkt.bufptr] ;Point rsi to caller buffer 
   126 00000179 31C9                <1>     xor ecx, ecx    ;Zero the char counter
   127                              <1> .cw1: 
   128 0000017B 413B4816            <1>     cmp ecx, dword [r8 + ioReqPkt.tfrlen]
   129 0000017F 7407                <1>     je .cw2
   130 00000181 AC                  <1>     lodsb   ;Get char into al, and inc rsi
   131 00000182 CD29                <1>     int 29h ;Fast print char
   132 00000184 FFC1                <1>     inc ecx
   133 00000186 EBF3                <1>     jmp short .cw1 ;keep printing until all chars printed
   134                              <1> .cw2:
   135 00000188 41894816            <1>     mov dword [r8 + ioReqPkt.tfrlen], ecx  ;Move num of transferred chars
   136                              <1>     return
    13 0000018C C3                  <2>  ret
   137                              <1> ; -------------------- NEW FUNCTIONS -------------------- 
   138                              <1> genIOCTL:
   139                              <1> ;Only one function, MScrCap. Declares the presence of a multitasker
   140                              <1> ; to the driver!
   141                              <1> ;Do all checks to ensure not an accidental call.
   142 0000018D 498B501F            <1>     mov rdx, qword [r8 + ioctlReqPkt.ctlptr]
   143 00000191 6681F91003          <1>     cmp cx, 0310h   ;Get MScrCap?
   144 00000196 7551                <1>     jne .exitBad
   145 00000198 66813A0001          <1>     cmp word [rdx + mScrCap.wVer], 0100h
   146 0000019D 754A                <1>     jne .exitBad
   147 0000019F 66817A020F00        <1>     cmp word [rdx + mScrCap.wLen], mScrCap_size
   148 000001A5 7542                <1>     jne .exitBad
   149                              <1> ;Here we have verified we are ok! Proceed.
   150                              <1> ;This IOCTL is equivalent to in MTDOS the CON reporting caps during driver init.
   151 000001A7 0FB74204            <1>     movzx eax, word [rdx + mScrCap.wMagic]
   152 000001AB 6689059AFEFFFF      <1>     mov word [wMagicKey], ax
   153 000001B2 C6420608            <1>     mov byte [rdx + mScrCap.bScrNum], (maxScr + 1)
   154 000001B6 488D0535000000      <1>     lea rax, mConHlp
   155 000001BD 48874207            <1>     xchg qword [rdx + mScrCap.pDevHlp], rax  ;Swap pointers
   156 000001C1 48890597FEFFFF      <1>     mov qword [pDevHlp], rax   ;Store this as the help pointer
   157                              <1> 
   158                              <1> ;Now setup the real pointer to the DOSMGR ScrIoOk byte
   159 000001C8 31C0                <1>     xor eax, eax    ;Get var 0 (ScrIoOk)
   160 000001CA B901000000          <1>     mov ecx, 1      ;Length 1
   161 000001CF BA10000000          <1>     mov edx, 16     ;Get ScrIoOk Var
   162 000001D4 FF1585FEFFFF        <1>     call qword [pDevHlp]
   163 000001DA 48890586FEFFFF      <1>     mov qword [pScrIoOk], rax   ;Store the pointer now!
   164 000001E1 C60563FEFFFF00      <1>     mov byte [bSTMode], 0       ;Set we are in a MT env!
   165                              <1>     return
    13 000001E8 C3                  <2>  ret
   166                              <1> .exitBad:
   167 000001E9 6641C740030380      <1>     mov word [r8 + drvReqHdr.status], drvErrStatus | drvBadCmd
   168 000001F0 F9                  <1>     stc
   169                              <1>     return
    13 000001F1 C3                  <2>  ret
   170                              <1> ;-------------------------------------------
   171                              <1> ;       mConHlp dispatch and routines
   172                              <1> ;-------------------------------------------
   173                              <1> 
   174                              <1> mConHlp:
   175                              <1> ;AL = 0: Get current screen number
   176                              <1> ;AL = 1: Set new screen number
   177                              <1> ;AL = 2: Reset the screen (CLS)
   178                              <1> ;Al = 3: Cancel help pointer support
   179 000001F2 85C0                <1>     test eax, eax
   180 000001F4 741D                <1>     jz getScreen
   181 000001F6 FFC8                <1>     dec eax
   182 000001F8 7426                <1>     jz swapScreen
   183 000001FA FFC8                <1>     dec eax
   184 000001FC 7436                <1>     jz resetScreen
   185 000001FE FFC8                <1>     dec eax
   186 00000200 7402                <1>     jz delHlp
   187 00000202 F9                  <1>     stc
   188                              <1>     return
    13 00000203 C3                  <2>  ret
   189                              <1> delHlp:
   190                              <1> ;If the Session Manager has to de-install itself, call this 
   191                              <1> ; to indicate that the pDevHlp is no longer valid!
   192 00000204 488D05A3FEFFFF      <1>     lea rax, noOp
   193 0000020B 4889054DFEFFFF      <1>     mov qword [pDevHlp], rax
   194                              <1>     return
    13 00000212 C3                  <2>  ret
   195                              <1> getScreen:
   196 00000213 53                  <1>     push rbx
   197 00000214 B8000F0000          <1>     mov eax, 0F00h
   198 00000219 CD30                <1>     int 30h
   199 0000021B 0FB6C7              <1>     movzx eax, bh
   200 0000021E 5B                  <1>     pop rbx
   201                              <1>     return
    13 0000021F C3                  <2>  ret
   202                              <1> swapScreen:
   203                              <1> ;If the screen number is above the max screen number we return error!
   204                              <1> ;This routine is signalled by the task swapping routine.
   205 00000220 0FB6C3              <1>     movzx eax, bl ;Get the screen number
   206 00000223 3D07000000          <1>     cmp eax, maxScr
   207 00000228 7708                <1>     ja .err
   208 0000022A 0D00050000          <1>     or eax, 0500h   
   209 0000022F CD30                <1>     int 30h         ;Swap active page on the VGA!
   210                              <1>     return
    13 00000231 C3                  <2>  ret
   211                              <1> .err:
   212 00000232 F9                  <1>     stc
   213                              <1>     return
    13 00000233 C3                  <2>  ret
   214                              <1> resetScreen:
   215                              <1> ;Resets the currently active screen!
   216 00000234 B40B                <1>     mov ah, 0Bh  ; Set overscan to black (when Graphics becomes supported)
   217 00000236 31DB                <1>     xor ebx, ebx
   218 00000238 CD30                <1>     int 30h
   219 0000023A B40F                <1>     mov ah, 0Fh ;Get screen mode
   220 0000023C CD30                <1>     int 30h
   221 0000023E 53                  <1>     push rbx    ;Save the screen number on stack
   222 0000023F 0FB6D4              <1>     movzx edx, ah   ;Get number of columns in dl
   223 00000242 FECA                <1>     dec dl
   224 00000244 B619                <1>     mov dh, 25  ;Number of rows is standard
   225 00000246 31C0                <1>     xor eax, eax
   226 00000248 89C1                <1>     mov ecx, eax
   227 0000024A B707                <1>     mov bh, 7   ;Screen attributes
   228 0000024C B406                <1>     mov ah, 6   ;Scroll
   229 0000024E CD30                <1>     int 30h
   230 00000250 31D2                <1>     xor edx, edx    ;Set cursor coordinates to top left of screen
   231 00000252 5B                  <1>     pop rbx     ;Get back the screen number
   232 00000253 B402                <1>     mov ah, 2
   233 00000255 CD30                <1>     int 30h
   234                              <1>     return
    13 00000257 C3                  <2>  ret
   235                              <1>     
   236                              <1> ;------------- Driver built-in Interrupt Routines -------------
   237                              <1> fastOutput:         ;This CON driver supports Int 29h
   238                              <1> ;Called with char to transfer in al
   239 00000258 50                  <1>     push rax
   240 00000259 B40E                <1>     mov ah, 0Eh
   241 0000025B CD30                <1>     int 30h
   242 0000025D 58                  <1>     pop rax
   243 0000025E 48CF                <1>     iretq
   244                              <1> ctrlBreak:
   245                              <1> ;CON Int 3Bh handler to detect CTRL+BREAK
   246 00000260 C605E3FDFFFF03      <1>     mov byte [bConBuf], 03h    ;Place a ^C in buffer
   247 00000267 48CF                <1>     iretq
   248                              <1> 
   249                              <1> keybIntr:        ;New Keyboard Interrupt Hdlr
   250 00000269 50                  <1>     push rax        ;Save RAX as a trashed reg
   251 0000026A 52                  <1>     push rdx
   252                              <1> ;Simulate an IRQ entry to old kbdHldr
   253 0000026B 4889E2              <1>     mov rdx, rsp
   254 0000026E 31C0                <1>     xor eax, eax
   255 00000270 668CD0              <1>     mov ax, ss
   256 00000273 50                  <1>     push rax
   257 00000274 52                  <1>     push rdx
   258 00000275 9C                  <1>     pushfq
   259 00000276 668CC8              <1>     mov ax, cs
   260 00000279 50                  <1>     push rax
   261 0000027A FF15CFFDFFFF        <1>     call qword [pOldKbdIntr]    ;Do the SCP/BIOS kbd handler code!
   262                              <1> 
   263 00000280 4889E2              <1>     mov rdx, rsp
   264 00000283 31C0                <1>     xor eax, eax
   265 00000285 668CD0              <1>     mov ax, ss
   266 00000288 50                  <1>     push rax
   267 00000289 52                  <1>     push rdx
   268 0000028A 9C                  <1>     pushfq
   269 0000028B 668CC8              <1>     mov ax, cs
   270 0000028E 50                  <1>     push rax
   271 0000028F B800010000          <1>     mov eax, 0100h              ;Now read ahead, under our handler
   272 00000294 FF15BDFDFFFF        <1>     call qword [pOldKbdHdlr]    ;Gets the SC/ASCII pair in ax
   273 0000029A BA05000000          <1>     mov edx, 5                  ;ConsInputFiler
   274 0000029F FF15BAFDFFFF        <1>     call qword [pDevHlp]
   275 000002A5 7519                <1>     jnz .keepChar
   276                              <1>     ;Else remove the char from the buffer
   277 000002A7 4889E2              <1>     mov rdx, rsp
   278 000002AA 31C0                <1>     xor eax, eax
   279 000002AC 668CD0              <1>     mov ax, ss
   280 000002AF 50                  <1>     push rax
   281 000002B0 52                  <1>     push rdx
   282 000002B1 9C                  <1>     pushfq
   283 000002B2 668CC8              <1>     mov ax, cs
   284 000002B5 50                  <1>     push rax
   285 000002B6 31C0                <1>     xor eax, eax
   286 000002B8 FF1599FDFFFF        <1>     call qword [pOldKbdHdlr]    ;Gets the SC/ASCII pair in ax
   287 000002BE EB23                <1>     jmp short .exit
   288                              <1> .keepChar:
   289 000002C0 FA                  <1>     cli
   290 000002C1 F60586FDFFFFFF      <1>     test byte [bKeybWait], -1  
   291 000002C8 7419                <1>     jz .exit
   292 000002CA 53                  <1>     push rbx
   293 000002CB 51                  <1>     push rcx
   294 000002CC 488D1D7BFDFFFF      <1>     lea rbx, bKeybWait  ;Run all processes with this identifier
   295 000002D3 C60300              <1>     mov byte [rbx], 0   ;Clear the flag first
   296 000002D6 BA0A000000          <1>     mov edx, 10  ;ProcRun
   297 000002DB FF157EFDFFFF        <1>     call qword [pDevHlp]
   298 000002E1 59                  <1>     pop rcx
   299 000002E2 5B                  <1>     pop rbx
   300                              <1> .exit:
   301 000002E3 5A                  <1>     pop rdx
   302 000002E4 58                  <1>     pop rax
   303 000002E5 48CF                <1>     iretq
   304                              <1> 
   305                              <1> 
   306                              <1> 
   307                              <1> keybHdlr:   ;Int 36h
   308 000002E7 84E4                <1>     test ah, ah
   309 000002E9 740B                <1>     je .readChar
   310 000002EB 80FC01              <1>     cmp ah, 1
   311 000002EE 7465                <1>     je .lookahead
   312 000002F0 FF2561FDFFFF        <1>     jmp qword [pOldKbdHdlr]
   313                              <1> .readChar:
   314 000002F6 50                  <1>     push rax    ;Push original function number on the stack
   315 000002F7 53                  <1>     push rbx
   316 000002F8 51                  <1>     push rcx
   317 000002F9 52                  <1>     push rdx
   318                              <1> .readChLp:
   319 000002FA 488B1D66FDFFFF      <1>     mov rbx, qword [pScrIoOk]
   320 00000301 F603FF              <1>     test byte [rbx], -1
   321 00000304 750F                <1>     jnz .okToRead
   322 00000306 31C9                <1>     xor ecx, ecx
   323 00000308 BA09000000          <1>     mov edx, 9  ;Proc block, non-interruptable
   324 0000030D FF154CFDFFFF        <1>     call qword [pDevHlp]    ;Use this var as identifier.
   325 00000313 EBE5                <1>     jmp short .readChLp ;Check again!
   326                              <1> .okToRead:
   327                              <1> ;Now we simulate a call into 36h/AH=01h - Get keyboard buffer status
   328 00000315 FA                  <1>     cli
   329 00000316 4889E2              <1>     mov rdx, rsp
   330 00000319 31C0                <1>     xor eax, eax
   331 0000031B 668CD0              <1>     mov ax, ss
   332 0000031E 50                  <1>     push rax
   333 0000031F 52                  <1>     push rdx
   334 00000320 9C                  <1>     pushfq
   335 00000321 668CC8              <1>     mov ax, cs
   336 00000324 50                  <1>     push rax
   337 00000325 B800010000          <1>     mov eax, 0100h  ;Get the keyb status
   338 0000032A FF1527FDFFFF        <1>     call qword [pOldKbdHdlr]    ;Interrupts remain set on return
   339 00000330 7519                <1>     jnz .doCharRead
   340                              <1> ;If the char isn't there, we gotta pblock until it is.
   341 00000332 488D1D15FDFFFF      <1>     lea rbx, bKeybWait
   342 00000339 C603FF              <1>     mov byte [rbx], -1
   343 0000033C 09C9                <1>     or ecx, ecx
   344 0000033E BA09000000          <1>     mov edx, 9  ;Proc block, non-interruptable
   345 00000343 FF1516FDFFFF        <1>     call qword [pDevHlp]    ;Use this var as identifier.
   346 00000349 EBAF                <1>     jmp short .readChLp ;Check again with CLI set!
   347                              <1> .doCharRead:
   348 0000034B 5A                  <1>     pop rdx
   349 0000034C 59                  <1>     pop rcx
   350 0000034D 5B                  <1>     pop rbx
   351 0000034E 58                  <1>     pop rax
   352                              <1> .goKbd:
   353 0000034F FF2502FDFFFF        <1>     jmp qword [pOldKbdHdlr]
   354                              <1> .lookahead:
   355 00000355 53                  <1>     push rbx
   356 00000356 488B1D0AFDFFFF      <1>     mov rbx, qword [pScrIoOk]   ;Can we check?
   357 0000035D F603FF              <1>     test byte [rbx], -1
   358 00000360 5B                  <1>     pop rbx
   359 00000361 75EC                <1>     jnz .goKbd  ;If we can, do it!
   360 00000363 80642410FE          <1>     and byte [rsp + 2*8], ~1    ;Clear CF of flags
   361 00000368 48CF                <1>     iretq
   362                              <1> ;------------------ EJECT POINT ------------------
   363                              <1> 
   364                              <1> init:
   365                              <1> ;Start by hooking int 3Bh, int 29h and 0F1h (IRQ1) as part of the CON driver
   366                              <1> ;DO FASTOUT
   367 0000036A 488D15E7FEFFFF      <1>     lea rdx, fastOutput
   368 00000371 B829000000          <1>     mov eax, 29h
   369 00000376 E8DF000000          <1>     call installInterrupt
   370                              <1> ;DO CTRL+BREAK
   371 0000037B 488D15DEFEFFFF      <1>     lea rdx, ctrlBreak
   372 00000382 B83B000000          <1>     mov eax, 3Bh
   373 00000387 E8CE000000          <1>     call installInterrupt
   374                              <1> .ci0:
   375 0000038C B401                <1>     mov ah, 01      ;Get buffer status
   376 0000038E CD36                <1>     int 36h
   377 00000390 7406                <1>     jz .ci1      ;If zero clear => no more keys to read
   378 00000392 30E4                <1>     xor ah, ah
   379 00000394 CD36                <1>     int 36h ;Read key to flush from buffer
   380 00000396 EBF4                <1>     jmp short .ci0
   381                              <1> .ci1:
   382 00000398 B800050000          <1>     mov eax, 0500h  ;Set page zero as the default page
   383 0000039D CD30                <1>     int 30h
   384 0000039F B402                <1>     mov ah, 02h
   385 000003A1 31D2                <1>     xor edx, edx    ;Set screen cursor to top right corner
   386 000003A3 88D7                <1>     mov bh, dl      ;Set cursor for page 0
   387 000003A5 CD30                <1>     int 30h
   388 000003A7 B707                <1>     mov bh, 07h     ;Grey/Black attribs
   389 000003A9 B800060000          <1>     mov eax, 0600h  ;Clear whole screen
   390 000003AE CD30                <1>     int 30h
   391                              <1> ;Now get the pointer to the bScrnIoOk variable
   392                              <1> ;Now make a fake bScrnIoOk pointer
   393 000003B0 488D0594FCFFFF      <1>     lea rax, bSTMode
   394 000003B7 488905A9FCFFFF      <1>     mov qword [pScrIoOk], rax
   395                              <1> ;Now install the replacement keyboard interrupt routines!
   396                              <1> ;DO IRQ1
   397 000003BE B8F1000000          <1>     mov eax, 0F1h   ;Get IRQ1 handler in rbx
   398 000003C3 E8BC000000          <1>     call getIntHdlr
   399 000003C8 48891D80FCFFFF      <1>     mov qword [pOldKbdIntr], rbx
   400 000003CF 488D1593FEFFFF      <1>     lea rdx, keybIntr
   401 000003D6 B8F1000000          <1>     mov eax, 0F1h
   402 000003DB E87A000000          <1>     call installInterrupt
   403                              <1> ;DO Int 36h
   404 000003E0 B836000000          <1>     mov eax, 036h   ;Get Int 36h handler in rbx
   405 000003E5 E89A000000          <1>     call getIntHdlr
   406 000003EA 48891D66FCFFFF      <1>     mov qword [pOldKbdHdlr], rbx
   407 000003F1 488D15EFFEFFFF      <1>     lea rdx, keybHdlr
   408 000003F8 B836000000          <1>     mov eax, 036h
   409 000003FD E858000000          <1>     call installInterrupt
   410                              <1> 
   411 00000402 B800510000          <1>     mov eax, 5100h
   412 00000407 CD21                <1>     int 21h             ;Get current PSP ptr
   413 00000409 4881FB09000000      <1>     cmp rbx, 9          ;If we are being used as a Kernel driver, no msg!
   414 00000410 740E                <1>     je skipMsg
   415                              <1> ;Else, print message!
   416 00000412 488D1513000000      <1>     lea rdx, helloStr   ;Print install string
   417 00000419 B800090000          <1>     mov eax, 0900h
   418 0000041E CD21                <1>     int 21h
   419                              <1> skipMsg:
   420 00000420 488D0543FFFFFF      <1>     lea rax, init   ;Eject init
   421 00000427 4989400E            <1>     mov qword [r8 + initReqPkt.endptr], rax
   422                              <1>     return
    13 0000042B C3                  <2>  ret
   423                              <1> 
   424 0000042C 2D2D2D20496E737461- <1> helloStr    db  "--- Installing MCON Device Driver V"
   424 00000435 6C6C696E67204D434F- <1>
   424 0000043E 4E2044657669636520- <1>
   424 00000447 4472697665722056    <1>
   425 0000044F 302E30              <1>             db  majVers+"0",".",minVers/10+"0"
   426 00000452 32202D2D2D0A0D24    <1>             db (minVers-minVers/10*10)+"0", " ---", 10,13,"$"
   427                              <1> 
   428                              <1> 
   429                              <1> 
   430                              <1> installInterrupt:
   431                              <1> ;Writes the interrupt in the right place in the table
   432                              <1>     ;al = Interrupt number
   433                              <1>     ;rdx -> Handler to install
   434 0000045A 0F010D2D000000      <1>     sidt [myIdt]
   435 00000461 0FB6C0              <1>     movzx eax, al
   436 00000464 4892                <1>     xchg rdx, rax
   437 00000466 48C1E204            <1>     shl rdx, 4h     ;Multiply IDT entry number by 16
   438 0000046A 4803151F000000      <1>     add rdx, qword [myIdt.base]    
   439 00000471 668902              <1>     mov word [rdx], ax  ;Get low word into offset 15...0
   440 00000474 48C1E810            <1>     shr rax, 10h    ;Bring next word low
   441 00000478 66894206            <1>     mov word [rdx + 6], ax  ;Get low word into offset 31...16
   442 0000047C 48C1E810            <1>     shr rax, 10h    ;Bring last dword low
   443 00000480 894208              <1>     mov dword [rdx + 8], eax
   444 00000483 C3                  <1>     ret
   445                              <1> getIntHdlr:
   446                              <1> ;Gets an interrupt value. 
   447                              <1> ;Input: al = Interrupt number
   448                              <1> ;Output: rbx = Interrupt Vector
   449 00000484 50                  <1>     push rax
   450 00000485 B802120000          <1>     mov eax, 1202h  ;Get Interrupt handler in rbx
   451 0000048A CD2F                <1>     int 2Fh
   452 0000048C 58                  <1>     pop rax
   453                              <1>     return
    13 0000048D C3                  <2>  ret
   454                              <1>     ;sidt [myIdt]
   455                              <1>     ;movzx eax, al
   456                              <1>     ;shl rax, 4h     ;Multiply IDT entry number by 16 (Size of IDT entry)
   457                              <1>     ;add rax, qword [myIdt.base]    
   458                              <1>     ;xor ebx, ebx
   459                              <1>     ;mov ebx, dword [rax + 8]    ;Get bits 63...32
   460                              <1>     ;shl rbx, 10h    ;Push the high dword high
   461                              <1>     ;mov bx, word [rax + 6]      ;Get bits 31...16
   462                              <1>     ;shl rbx, 10h    ;Push word 2 into posiiton
   463                              <1>     ;mov bx, word [rax]          ;Get bits 15...0
   464                              <1>     ;return
   465                              <1> myIdt:
   466 0000048E 0000                <1> .limit  dw 0
   467 00000490 0000000000000000    <1> .base   dq 0
   467          ------------------  <1>  info: assembly required 1+2+2 passes

