
- NASM Map file ---------------------------------------------------------------

Source file:  ./src/mcon.asm
Output file:  ./bin/mcon.sys

-- Program origin -------------------------------------------------------------

00000000

-- Sections (summary) ---------------------------------------------------------

Vstart            Start             Stop              Length    Class     Name
               0                 0                 0  00000000  progbits  .text
               0                 0               81D  0000081D  progbits  cseg

-- Sections (detailed) --------------------------------------------------------

---- Section .text ------------------------------------------------------------

class:     progbits
length:                   0
start:                    0
align:     not defined
follows:   not defined
vstart:                   0
valign:    not defined
vfollows:  not defined

---- Section cseg -------------------------------------------------------------

class:     progbits
length:                 81D
start:                    0
align:     not defined
follows:   not defined
vstart:                   0
valign:    not defined
vfollows:  not defined

-- Symbols --------------------------------------------------------------------

---- No Section ---------------------------------------------------------------

Value     Name
00000000  drvHdr
00000000  drvHdr.nxtPtr
00000008  drvHdr.attrib
0000000A  drvHdr.strPtr
00000012  drvHdr.intPtr
0000001A  drvHdr.drvUnt
0000001A  drvHdr.drvNam
00000022  drvHdr_size
00000000  drvINIT
00000001  drvMEDCHK
00000002  drvBUILDBPB
00000003  drvIOCTLREAD
00000004  drvREAD
00000005  drvNONDESTREAD
00000006  drvINSTATUS
00000007  drvFLUSHINBUF
00000008  drvWRITE
00000009  drvWRITEVERIFY
0000000A  drvOUTSTATUS
0000000B  drvFLUSHOUTBUF
0000000C  drvIOCTLWRITE
0000000D  drvOPEN
0000000E  drvCLOSE
0000000F  drvREMMEDCHECK
00000010  drvOUTTILBUSY
00000013  drvIOCTL
00000017  drvGETDRVMAP
00000018  drvSETDRVMAP
00000000  drvWPErr
00000001  drvBadUnit
00000002  drvNotReady
00000003  drvBadCmd
00000004  drvCRCErr
00000005  drvBadDrvReq
00000006  drvBadSeek
00000007  drvBadMed
00000008  drvSecNotFnd
00000009  drvNoPaper
0000000A  drvWriteFault
0000000B  drvReadFault
0000000C  drvGenFault
0000000F  drvBadDskChnge
00008000  drvErrStatus
00000100  drvDonStatus
00000200  drvBsyStatus
00000001  devDrvConIn
00000002  devDrvConOut
00000004  devDrvNulDev
00000008  devDrvClockDev
00000010  devDrvFastOut
00000020  devDrvMulti
00000040  devDrvIOCTL
00000800  devDrvHdlCTL
00004000  devDrvIOCTLRW
00008000  devDrvChar
00000000  drvReqHdr
00000000  drvReqHdr.hdrlen
00000001  drvReqHdr.unitnm
00000002  drvReqHdr.cmdcde
00000003  drvReqHdr.status
00000005  drvReqHdr.devptr
0000000D  drvReqHdr_size
00000000  initReqPkt
00000000  initReqPkt.hdrlen
00000001  initReqPkt.unitnm
00000002  initReqPkt.cmdcde
00000003  initReqPkt.status
00000005  initReqPkt.devptr
0000000D  initReqPkt.numunt
0000000E  initReqPkt.endptr
00000016  initReqPkt.optptr
0000001E  initReqPkt.drvnum
0000001F  initReqPkt_size
00000000  mediaCheckReqPkt
00000000  mediaCheckReqPkt.hdrlen
00000001  mediaCheckReqPkt.unitnm
00000002  mediaCheckReqPkt.cmdcde
00000003  mediaCheckReqPkt.status
00000005  mediaCheckReqPkt.devptr
0000000D  mediaCheckReqPkt.medesc
0000000E  mediaCheckReqPkt.medret
0000000F  mediaCheckReqPkt.desptr
00000017  mediaCheckReqPkt_size
00000000  bpbBuildReqPkt
00000000  bpbBuildReqPkt.hdrlen
00000001  bpbBuildReqPkt.unitnm
00000002  bpbBuildReqPkt.cmdcde
00000003  bpbBuildReqPkt.status
00000005  bpbBuildReqPkt.devptr
0000000D  bpbBuildReqPkt.medesc
0000000E  bpbBuildReqPkt.bufptr
00000016  bpbBuildReqPkt.bpbptr
0000001E  bpbBuildReqPkt_size
00000000  ioReqPkt
00000000  ioReqPkt.hdrlen
00000001  ioReqPkt.unitnm
00000002  ioReqPkt.cmdcde
00000003  ioReqPkt.status
00000005  ioReqPkt.devptr
0000000D  ioReqPkt.medesc
0000000E  ioReqPkt.bufptr
00000016  ioReqPkt.tfrlen
0000001A  ioReqPkt.strtsc
00000022  ioReqPkt.desptr
0000002A  ioReqPkt_size
00000000  ndInNoWaitPkt
00000000  ndInNoWaitPkt.hdrlen
00000001  ndInNoWaitPkt.unitnm
00000002  ndInNoWaitPkt.cmdcde
00000003  ndInNoWaitPkt.status
00000005  ndInNoWaitPkt.devptr
0000000D  ndInNoWaitPkt.retbyt
0000000E  ndInNoWaitPkt_size
00000000  statusReqPkt
00000000  statusReqPkt.hdrlen
00000001  statusReqPkt.unitnm
00000002  statusReqPkt.cmdcde
00000003  statusReqPkt.status
00000005  statusReqPkt.devptr
0000000D  statusReqPkt_size
00000000  flushReqPkt
00000000  flushReqPkt.hdrlen
00000001  flushReqPkt.unitnm
00000002  flushReqPkt.cmdcde
00000003  flushReqPkt.status
00000005  flushReqPkt.devptr
0000000D  flushReqPkt_size
00000000  openReqPkt
00000000  openReqPkt.hdrlen
00000001  openReqPkt.unitnm
00000002  openReqPkt.cmdcde
00000003  openReqPkt.status
00000005  openReqPkt.devptr
0000000D  openReqPkt_size
00000000  closeReqPkt
00000000  closeReqPkt.hdrlen
00000001  closeReqPkt.unitnm
00000002  closeReqPkt.cmdcde
00000003  closeReqPkt.status
00000005  closeReqPkt.devptr
0000000D  closeReqPkt_size
00000000  remMediaReqPkt
00000000  remMediaReqPkt.hdrlen
00000001  remMediaReqPkt.unitnm
00000002  remMediaReqPkt.cmdcde
00000003  remMediaReqPkt.status
00000005  remMediaReqPkt.devptr
0000000D  remMediaReqPkt_size
00000000  ioctlReqPkt
00000000  ioctlReqPkt.hdrlen
00000001  ioctlReqPkt.unitnm
00000002  ioctlReqPkt.cmdcde
00000003  ioctlReqPkt.status
00000005  ioctlReqPkt.devptr
0000000D  ioctlReqPkt.majfun
0000000E  ioctlReqPkt.minfun
0000000F  ioctlReqPkt.rsival
00000017  ioctlReqPkt.rdival
0000001F  ioctlReqPkt.ctlptr
00000027  ioctlReqPkt_size
00000000  getDevReqPkt
00000000  getDevReqPkt.hdrlen
00000001  getDevReqPkt.unitnm
00000002  getDevReqPkt.cmdcde
00000003  getDevReqPkt.status
00000005  getDevReqPkt.devptr
0000000D  getDevReqPkt_size
00000000  setDevReqPkt
00000000  setDevReqPkt.hdrlen
00000001  setDevReqPkt.unitnm
00000002  setDevReqPkt.cmdcde
00000003  setDevReqPkt.status
00000005  setDevReqPkt.devptr
0000000D  setDevReqPkt_size
00000000  genioctlGetParamsTable
00000000  genioctlGetParamsTable.size
00000001  genioctlGetParamsTable.res
00000008  genioctlGetParamsTable.sectorSize
00000010  genioctlGetParamsTable.numSectors
00000018  genioctlGetParamsTable_size
00000000  genioctlLBAformat
00000000  genioctlLBAformat.size
00000001  genioctlLBAformat.numSectors
00000002  genioctlLBAformat.res
00000008  genioctlLBAformat.startSector
00000010  genioctlLBAformat_size
00000000  genioctlLBAwrite
00000000  genioctlLBAwrite.size
00000001  genioctlLBAwrite.numSectors
00000002  genioctlLBAwrite.res
00000008  genioctlLBAwrite.startSector
00000010  genioctlLBAwrite.xferBuffer
00000018  genioctlLBAwrite_size
00000000  mScrCap
00000000  mScrCap.wVer
00000002  mScrCap.wLen
00000004  mScrCap.bScrNum
00000005  mScrCap.pDevHlp
0000000D  mScrCap_size
00000007  maxScr
00000005  DevHlp_ConsInputFilter
00000007  DevHlp_Signal_SM
00000009  DevHlp_ProcBlock
0000000A  DevHlp_ProcRun
00000010  DevHlp_GetDOSVar
00000008  maxSib
00000001  maxSibSeg
00000000  sib
00000000  sib.bFrozenFlg
00000001  sib.wOffSeg
00000003  sib.wSegCnt
00000005  sib.wSibLen
00000007  sib_size
00000000  sibSeg
00000000  sibSeg.wSegSize
00000002  sibSeg.wMemFlag
00000004  sibSeg.pMemPtr
0000000C  sibSeg_size
00000000  screenSib
00000000  screenSib.bFrozenFlg
00000001  screenSib.wOffSeg
00000003  screenSib.wSegCnt
00000005  screenSib.wSibLen
00000007  screenSib.wSegSize
00000009  screenSib.wMemFlag
0000000B  screenSib.pMemPtr
00000013  screenSib_size
00000000  majVers
00000002  minVers
00000014  funcTblE


---- Section cseg -------------------------------------------------------------

Real              Virtual           Name
               0                 0  conHdr
              22                22  funcTbl
              4A                4A  ioctlTbl
              5C                5C  bConBuf
              5D                5D  bKeybWait
              5E                5E  bInMulti
              5F                5F  pOldKbdIntr
              67                67  pOldKbdHdlr
              6F                6F  pDevHlp
              77                77  pScrIoOk
              7F                7F  bCurScr
              80                80  pCurSib
              88                88  bSavScr
              89                89  sibArray
             121               121  myIdt
             121               121  myIdt.limit
             123               123  myIdt.base
             12B               12B  strategy
             15A               15A  exit
             161               161  exit.err
             16A               16A  noOp
             16B               16B  unkCmd
             16D               16D  errorExit
             178               178  read
             19E               19E  read.okScrnNum
             1A4               1A4  read.readLp
             1B8               1B8  read.getch
             1C2               1C2  read.checkChar
             1DA               1DA  read.pullChar
             1EC               1EC  read.savChr
             1F7               1F7  read.savScCde
             200               200  read.exit
             205               205  read.getScCde
             214               214  ndRead
             237               237  ndRead.okScrnNum
             264               264  ndRead.notNul
             26C               26C  ndRead.charFnd
             271               271  ndRead.noChar
             279               279  inStatus
             286               286  flushInBuf
             2A9               2A9  flushInBuf.okScrnNum
             2B1               2B1  flushInBuf.block
             2BD               2BD  flushInBuf.cleanBuf
             2CC               2CC  ..@93.a
             2DB               2DB  write
             308               308  write.okScrnNum
             30E               30E  write.writeLp
             31B               31B  write.block
             322               322  write.chkScrn
             340               340  write.outch
             34E               34E  write.exit
             353               353  outch
             35C               35C  ioctl
             394               394  ioctl_ls
             3BF               3BF  ioctl_ls.curScr
             3D2               3D2  ioctl_ls.exit
             3DF               3DF  ioctl_ss
             3F5               3F5  ioctl_rs
             415               415  ioctl_rs.exit
             41E               41E  ioctl_ei
             439               439  ioctl_is
             46B               46B  ioctl_strt
             478               478  ..@103.a
             481               481  ioctl_stop
             48C               48C  ioctl_init
             528               528  ioctl_deinst
             562               562  badSIBNum
             56B               56B  procRun
             57B               57B  procBlock
             590               590  simulBIOSRead
             5A5               5A5  simulBIOSNDRead
             5BB               5BB  simulBIOS
             5C4               5C4  getSIB
             5D0               5D0  ..@114.a
             5E3               5E3  getSibSeg
             5FC               5FC  resetScreen
             61D               61D  fastOutput
             624               624  ctrlBreak
             656               656  ctrlBreak.exit
             65A               65A  keybIntr
             6B1               6B1  keybIntr.keepChar
             6D4               6D4  keybIntr.exit
             6D8               6D8  keybHdlr
             6E7               6E7  keybHdlr.readChar
             6EB               6EB  keybHdlr.readChLp
             6FE               6FE  keybHdlr.okToRead
             72C               72C  keybHdlr.doCharRead
             730               730  keybHdlr.goKbd
             736               736  keybHdlr.lookahead
             74B               74B  installInterrupt
             775               775  getIntHdlr
             77F               77F  init
             7A1               7A1  init.ci0
             7AD               7AD  init.ci1
             7E3               7E3  skipMsg
             7EF               7EF  helloStr

